{
  "output": "# File: README.md\n\n**Path:** README.md  \n**Size:** 180 bytes  \n**URL:** https://github.com/geropl/github-mcp-go-test/blob/main/README.md  \n\n## Content\n\n```md\n# What is this?\n\nThis repository serves as test repo for https://github.com/geropl/github-mcp-go. All issues/commits/branches/pull requests/etc. might be relied upon in test cases.\n```\n",
  "err": ""
}