{
  "output": "# Commit Comment\n\n**ID:** 153418989  \n**Author:** geropl  \n**Created:** Fri, 07 Mar 2025 13:02:42 UTC  \n**URL:** https://github.com/geropl/github-mcp-go-test/commit/4707587d1c57e90aeed4c846b1b71221c73de5f3#r153418989  \n\n**Path:** README.md  \n**Position:** 1  \n\n## Content\n\nThis is a test comment on a specific file in a commit.\n\n",
  "err": ""
}