{
  "output": "# Commits\n\nFound 1 commits.\n\n## 1. f68aa0e: initial commit\n\n**SHA:** f68aa0ed39aae8e2dedef581081dc181d637dded  \n**URL:** https://github.com/geropl/github-mcp-go-test/commit/f68aa0ed39aae8e2dedef581081dc181d637dded  \n**Author:** geropl  \n**Date:** Fri, 07 Mar 2025 07:43:03 UTC  \n\n",
  "err": ""
}