// Vitest Snapshot v1, https://vitest.dev/guide/snapshot.html

exports[`Resource Schema Snapshots > Resource: database-info > outputSchema JSON output should be stable 1`] = `
{
  "$schema": "http://json-schema.org/draft-07/schema#",
  "additionalProperties": false,
  "properties": {
    "count": {
      "description": "Total record count",
      "type": "string",
    },
    "dbName": {
      "description": "Database name",
      "type": "string",
    },
    "description": {
      "description": "Database description",
      "type": "string",
    },
    "fields": {
      "description": "Searchable fields available in this database",
      "items": {
        "additionalProperties": false,
        "properties": {
          "description": {
            "description": "Field description",
            "type": "string",
          },
          "fullName": {
            "description": "Full display name",
            "type": "string",
          },
          "name": {
            "description": "Short field name used in queries",
            "type": "string",
          },
        },
        "required": [
          "name",
        ],
        "type": "object",
      },
      "type": "array",
    },
    "lastUpdate": {
      "description": "Last update timestamp",
      "type": "string",
    },
  },
  "required": [
    "dbName",
  ],
  "type": "object",
}
`;

exports[`Resource Schema Snapshots > Resource: database-info > paramsSchema JSON output should be stable 1`] = `
{
  "$schema": "http://json-schema.org/draft-07/schema#",
  "additionalProperties": false,
  "description": "No parameters required",
  "properties": {},
  "type": "object",
}
`;
