{
  "output": "# Merge Result\n\n**SHA:** d0bc470c71e0dfb8f9affd7fbfbee6d7d724893d  \n**Message:** Merge feature-branch into test-base  \n**URL:** https://github.com/geropl/github-mcp-go-test/commit/d0bc470c71e0dfb8f9affd7fbfbee6d7d724893d  \n**Author:** geropl  \n**Committer:** web-flow  \n**Date:** Fri, 07 Mar 2025 15:48:16 UTC  \n\n",
  "err": ""
}