{
  "output": "# Workflow Jobs\n\nFound 1 workflow jobs.\n\n## 1. generate-test-data\n\n**ID:** 38724486736  \n**Run ID:** 13839912722  \n**Status:** completed  \n**Conclusion:** success  \n**Started:** Thu, 13 Mar 2025 16:38:59 UTC  \n**Completed:** Thu, 13 Mar 2025 16:39:27 UTC  \n**Runner:** GitHub Actions 3  \n**Steps:** 9  \n\n",
  "err": ""
}