{
  "output": "# Issue Comments\n\nFound 2 comments.\n\n## 1. Comment by geropl\n\n**Created:** Fri, 07 Mar 2025 12:23:48 UTC  \n**URL:** https://github.com/geropl/github-mcp-go-test/pull/1#issuecomment-2706320404  \n\nThis is a test comment.\n\n## 2. Comment by geropl\n\n**Created:** Fri, 07 Mar 2025 12:24:20 UTC  \n**URL:** https://github.com/geropl/github-mcp-go-test/pull/1#issuecomment-2706321360  \n\nThis is a test comment.\n\n",
  "err": ""
}