{
  "output": "# Issue: Updated Test Issue Title\n\n**Number:** #1  \n**State:** closed  \n**Created:** Fri, 07 Mar 2025 07:45:38 UTC  \n**Closed:** Fri, 07 Mar 2025 12:24:18 UTC  \n**URL:** https://github.com/geropl/github-mcp-go-test/pull/1  \n\n## Description\n\nThis is an updated test issue body.\n\n## Details\n\n**Comments:** 1  \n",
  "err": ""
}