{
  "output": "# Commit: \n\n**SHA:**   \n**Message:** Push multiple test files  \n**Author:** Gero Posmyk-Leinemann \u003cgero@gitpod.io\u003e  \n**Author Date:** Fri, 07 Mar 2025 10:51:59 UTC  \n**Committer:** Gero Posmyk-Leinemann \u003cgero@gitpod.io\u003e  \n**Commit Date:** Fri, 07 Mar 2025 10:51:59 UTC  \n",
  "err": ""
}